// Jest Snapshot v1, https://goo.gl/fbAQLP

exports[`Overview Card: Check content Renders correctly 1`] = `
<div
  className="flex w-full flex-col justify-between border rounded-sm p-3 h-full"
>
  <div
    className="text-left text-base text-blue-700 font-bold break-words"
  >
    <a
      className="text-blue-700 font-bold"
      href="https://github.com/Lelianto/alta_final_fe"
      rel="noreferrer"
      target="_blank"
    >
      <span
        id="repoName"
      >
        alta_final_fe
      </span>
    </a>
  </div>
  <div
    className="text-left text-base text-gray-500 break-words"
    id="description"
  >
    React testing using jest in Overview Card
  </div>
  <div
    className="flex mt-3"
  >
    <div
      className="mr-1"
    >
      <span
        className="inline-block h-3 w-3 rounded-full"
        style={
          Object {
            "backgroundColor": "#f1e05a",
          }
        }
      />
    </div>
    <div
      className="mr-3"
      id="language"
    >
      JavaScript
    </div>
    <div
      className="flex"
    >
      <div
        className="relative m-auto ml-0 mr-1"
      >
        <svg
          aria-hidden="true"
          className="octicon octicon-star text-icon-tertiary"
          data-view-component="true"
          height="16"
          version="1.1"
          viewBox="0 0 16 16"
          width="16"
        >
          <path
            d="M8 .25a.75.75 0 01.673.418l1.882 3.815 4.21.612a.75.75 0 01.416 1.279l-3.046 2.97.719 4.192a.75.75 0 01-1.088.791L8 12.347l-3.766 1.98a.75.75 0 01-1.088-.79l.72-4.194L.818 6.374a.75.75 0 01.416-1.28l4.21-.611L7.327.668A.75.75 0 018 .25zm0 2.445L6.615 5.5a.75.75 0 01-.564.41l-3.097.45 2.24 2.184a.75.75 0 01.216.664l-.528 3.084 2.769-1.456a.75.75 0 01.698 0l2.77 1.456-.53-3.084a.75.75 0 01.216-.664l2.24-2.183-3.096-.45a.75.75 0 01-.564-.41L8 2.694v.001z"
            fillRule="evenodd"
          />
        </svg>
      </div>
      <div
        className="relative m-auto ml-0 mr-1"
        id="count"
      >
        0
      </div>
    </div>
  </div>
</div>
`;
